=== batch import started 2026-07-06T20:16:32.831789 ===
开始批量导入: 待处理 584 个, 跳过已存在 8 个, 来源 /home/zhuyao/Documents/my_mission/semAlign/pdf
[1/584] ✓ [imported] GB/T18784.2-2005 | CADCAM 数据质量保证方法.pdf | chunks=1
[2/584] ✗ CADCAM数据质量.pdf: 未能从文本中提取到任何标准信息，请确保文档包含标准编号
[3/584] ✓ [imported] GB/T27606-2020 | GNSS接收机数据自主交换格式.pdf | chunks=6
[4/584] ✗ GPS接收机导航定位数据输出格式.pdf: 未能从文本中提取到任何标准信息，请确保文档包含标准编号
[5/584] ✓ [imported] GB/T452793-2025 | IPv4IPv6网络安全防护技术规范 第3部分：互联网数据中心.pdf | chunks=137
[6/584] ✓ [imported] GB/T39197-2020 | 一般固体废物物质流数据采集原则和要求.pdf | chunks=2
[7/584] ✓ [imported] GB/T28445-2012 | 个人位置导航电子地图数据质量规范.pdf | chunks=53
[8/584] ✓ [imported] GB/T38962-2020 | 个人健康信息码 数据格式.pdf | chunks=4
[9/584] ✓ [imported] GB/T454342-2025 | 中国标准时间 第2部分：元数据.pdf | chunks=53
[10/584] ✓ [imported] GB/T 20092.2-2022 | 中文新闻信息内容 第2部分：新闻元数据.pdf | chunks=7
[11/584] ✓ [imported] GB/T 20092.3-2022 | 中文新闻信息内容 第3部分：数据交换的XML格式.pdf | chunks=5
[12/584] ✓ [imported] GB/T35311-2017 | 中文新闻图片内容描述元数据规范.pdf | chunks=4
[13/584] ✓ [imported] GB/T40629-2021 | 中比例尺公众地图数据规范.pdf | chunks=3
[14/584] ✓ [imported] GB/T44463-2024 | 互联网数据中心（IDC）总体技术要求.pdf | chunks=180
[15/584] ✓ [imported] GB/T43331-2023 | 互联网数据中心（IDC）技术和分级要求.pdf | chunks=85
[16/584] ✓ [imported] GB/T24463.3-2009 | 交互式电子技术手册 第3部分：公共源数据库要求.pdf | chunks=2
[17/584] ✓ [imported] GB/T37372-2019 | 交通数据广播通信技术要求.pdf | chunks=2
[18/584] ✓ [imported] GB/T36578-2018 | 产业园区循环经济信息化公共平台数据接口规范.pdf | chunks=2
[19/584] ✓ [imported] GB/T28040-2011 | 产品数据字典的维护规范.pdf | chunks=15
[20/584] ✓ [imported] GB/T37282-2019 | 产品标签内容核心元数据.pdf | chunks=3
[21/584] ✓ [imported] GB/T45214-2025 | 人全基因组高通量测序数据质量评价方法.pdf | chunks=25
[22/584] ✗ 人工智能 面向机器学习的数据标注规程.pdf: 未能从文本中提取到任何标准信息，请确保文档包含标准编号
[23/584] ✗ 人类生物样本中医信息基本数据集.pdf: 未能从文本中提取到任何标准信息，请确保文档包含标准编号
[24/584] ✓ [imported] GB/T40478-2021 | 企业信用监管档案数据项规范.pdf | chunks=4
[25/584] ✓ [imported] GB/T29424-2012 | 企业年金基金数据交换规范.pdf | chunks=248
[26/584] ✗ 企业应用产品数据管理（PDM）实施规范.pdf: 未能从文本中提取到任何标准信息，请确保文档包含标准编号
[27/584] ✓ [imported] GB/T251092-2010 | 企业资源计划 第2部分：ERP 基础数据.pdf | chunks=58
[28/584] ✓ [imported] GB/T36962-2018 | 传感数据分类与代码.pdf | chunks=2
[29/584] ✗ 供应链数据传输与交换.pdf: 未能从文本中提取到任何标准信息，请确保文档包含标准编号
[30/584] ✗ 供热运营数据统计方法.pdf: 未能从文本中提取到任何标准信息，请确保文档包含标准编号
[31/584] ✗ 信息与文献 国家科技重大专项档案元数据元素集.pdf: 未能从文本中提取到任何标准信息，请确保文档包含标准编号
[32/584] ✓ [imported] GB/T36067-2018 | 信息与文献 引文数据库数据加工规则.pdf | chunks=4
[33/584] ✓ [imported] GB/T35430-2017 | 信息与文献 期刊描述型元数据元素集.pdf | chunks=4
[34/584] ✗ 信息与文献 组织机构元数据.pdf: 未能从文本中提取到任何标准信息，请确保文档包含标准编号
[35/584] ✓ [imported] GB 13135-1991 | 信息交换用彝文字符15×16点阵字模集及数据集.pdf | chunks=4
[36/584] ✓ [imported] GB/T 16683-1996 | 信息交换用彝文字符24×24点阵字模集及数据集.pdf | chunks=2
[37/584] ✓ [imported] GB/T41139-2021 | 信息分类编码及元数据标准符合性测试要求.pdf | chunks=4
[38/584] ✓ [imported] GB/T41819-2022 | 信息安全技术 人脸识别数据安全要求.pdf | chunks=3
[39/584] ✓ [imported] GB/T42012-2022 | 信息安全技术 即时通信服务数据安全要求.pdf | chunks=5
[40/584] ✓ [imported] GB/T41806-2022 | 信息安全技术 基因识别数据安全要求.pdf | chunks=4
[41/584] ✓ [imported] GB/T41807-2022 | 信息安全技术 声纹识别数据安全要求.pdf | chunks=4
[42/584] ✓ [imported] GB/T42013-2022 | 信息安全技术 快递物流服务数据安全要求.pdf | chunks=4
[43/584] ✓ [imported] GB/T39477-2020 | 信息安全技术 政务信息共享 数据安全技术要求.pdf | chunks=4
[44/584] ✓ [imported] GB/T 29765-2021 | 信息安全技术 数据备份与恢复产品技术要求与测试评价方法.pdf | chunks=6
[45/584] ✓ [imported] GB/T20273-2019 | 信息安全技术 数据库管理系统安全技术要求.pdf | chunks=4
[46/584] ✓ [imported] GB/T20009-2019 | 信息安全技术 数据库管理系统安全评估准则.pdf | chunks=4
[47/584] ✓ [imported] GB/T41773-2022 | 信息安全技术 步态识别数据安全要求.pdf | chunks=4
[48/584] ✓ [imported] GB/T41871-2022 | 信息安全技术 汽车数据处理安全要求.pdf | chunks=3
[49/584] ✓ [imported] GB/T37025-2018 | 信息安全技术 物联网数据传输安全技术要求.pdf | chunks=3
[50/584] ✗ 信息安全技术 电信领域数据安全指南.pdf: 未能从文本中提取到任何标准信息，请确保文档包含标准编号
[51/584] ✓ [imported] GB/T34977-2017 | 信息安全技术 移动智能终端数据存储安全技术要求与测试评价方法.pdf | chunks=3
[52/584] ✓ [imported] GB/T42014-2022 | 信息安全技术 网上购物服务数据安全要求.pdf | chunks=4
[53/584] ✓ [imported] GB/T29766-2021 | 信息安全技术 网站数据恢复产品技术要求与测试评价方法.pdf | chunks=5
[54/584] ✓ [imported] GB/T42015-2022 | 信息安全技术 网络支付服务数据安全要求.pdf | chunks=5
[55/584] ✓ [imported] GB/T41479-2022 | 信息安全技术 网络数据处理安全要求.pdf | chunks=3
[56/584] ✓ [imported] GB/T 42016-2022 | 信息安全技术 网络音视频服务数据安全要求.pdf | chunks=5
[57/584] ✓ [imported] GB/T42017-2022 | 信息安全技术 网络预约汽车服务数据安全要求.pdf | chunks=4
[58/584] ✓ [imported] GB/T324194-2016 | 信息技术 SOA技术实现规范 第4部分：基于发布订阅的数据服务接口.pdf | chunks=42
[59/584] ✓ [imported] GB/T43431-2023 | 信息技术 云数据存储和管理 基于对象的云存储应用接口测试方法.pdf | chunks=32
[60/584] ✓ [imported] GB/T319162-2015 | 信息技术 云数据存储和管理 第2部分：基于对象的云存储应用接口.pdf | chunks=66
[61/584] ✓ [imported] GB/T31916.3-2018 | 信息技术 云数据存储和管理 第3部分：分布式文件存储应用接口.pdf | chunks=5
[62/584] ✓ [imported] GB/T319165-2015 | 信息技术 云数据存储和管理 第5部分：基于键值（Key-Value）的云数据管理应用接口.pdf | chunks=72
[63/584] ✓ [imported] GB/T19581-2004 | 信息技术 会计核算软件数据接口.pdf | chunks=4
[64/584] ✓ [imported] GB/T30269702-2016 | 信息技术 传感器网络 第702部分：传感器接口：数据接口.pdf | chunks=118
[65/584] ✓ [imported] GB/T29806-2013 | 信息技术 地下管线数据交换技术要求.pdf | chunks=188
[66/584] ✓ [imported] GB/T32627-2016 | 信息技术 地址数据描述要求.pdf | chunks=40
[67/584] ✓ [imported] GB/T 38643-2020 | 信息技术 大数据 分析系统功能测试要求.pdf | chunks=4
[68/584] ✓ [imported] GB/T38673-2020 | 信息技术 大数据 大数据系统基本要求.pdf | chunks=3
[69/584] ✓ [imported] GB/T 38676-2020 | 信息技术 大数据 存储与处理系统功能测试要求.pdf | chunks=3
[70/584] ✓ [imported] GB/T38666-2020 | 信息技术 大数据 工业应用参考架构.pdf | chunks=2
[71/584] ✓ [imported] GB/T 44216-2024 | 信息技术 大数据 批流融合计算技术要求.pdf | chunks=32
[72/584] ✓ [imported] GB/T35589-2017 | 信息技术 大数据 技术参考模型.pdf | chunks=4
[73/584] ✓ [imported] GB/T38672-2020 | 信息技术 大数据 接口基本要求.pdf | chunks=2
[74/584] ✓ [imported] GB/T 38664.1-2020 | 信息技术 大数据 政务数据开放共享 第1部分：总则.pdf | chunks=3
[75/584] ✓ [imported] GB/T38664.2-2020 | 信息技术 大数据 政务数据开放共享 第2部分：基本要求.pdf | chunks=3
[76/584] ✓ [imported] GB/T 38664.3-2020 | 信息技术 大数据 政务数据开放共享 第3部分：开放程度评价.pdf | chunks=3
[77/584] ✓ [imported] GB/T 38664.4-2022 | 信息技术 大数据 政务数据开放共享 第4部分：共享评价.pdf | chunks=3
[78/584] ✓ [imported] GB/T38667-2020 | 信息技术 大数据 数据分类指南.pdf | chunks=4
[79/584] ✗ 信息技术 大数据 数据资源规划.pdf: 未能从文本中提取到任何标准信息，请确保文档包含标准编号
[80/584] ✓ [imported] GB/T35295-2017 | 信息技术 大数据 术语.pdf | chunks=3
[81/584] ✓ [imported] GB/T 38633-2020 | 信息技术 大数据 系统运维和管理功能要求.pdf | chunks=4
[82/584] ✗ 信息技术 大数据 面向分析的数据存储与检索技术要求.pdf: 未能从文本中提取到任何标准信息，请确保文档包含标准编号
[83/584] ✓ [imported] GB/T37721-2019 | 信息技术 大数据分析系统功能要求.pdf | chunks=4
[84/584] ✓ [imported] GB/T37722-2019 | 信息技术 大数据存储与处理系统功能要求.pdf | chunks=3
[85/584] ✓ [imported] GB/T38675-2020 | 信息技术 大数据计算系统通用要求.pdf | chunks=2
[86/584] ✓ [imported] GB/T 21365-2008 | 信息技术 学习、教育和培训 学习对象元数据.pdf | chunks=2
[87/584] ✓ [imported] GB/T29807-2013 | 信息技术 学习、教育和培训 学习对象元数据XML绑定规范.pdf | chunks=106
[88/584] ✓ [imported] GB/T36351.1-2018 | 信息技术 学习、教育和培训 教育管理数据元素 第1部分：设计与管理规范.pdf | chunks=4
[89/584] ✓ [imported] GB/T36351.2-2018 | 信息技术 学习、教育和培训 教育管理数据元素 第2部分：公共数据元素.pdf | chunks=3
[90/584] ✓ [imported] GB/T36349-2018 | 信息技术 学习、教育和培训 虚拟实验 数据交换.pdf | chunks=2
[91/584] ✓ [imported] GB/T36097-2018 | 信息技术 学习、教育和培训 虚拟实验构件元数据.pdf | chunks=2
[92/584] ✓ [imported] GB/T 38630-2020 | 信息技术 实时定位 多源融合定位数据接口.pdf | chunks=3
[93/584] ✓ [imported] GB/T38627-2020 | 信息技术 实时定位 磁定位数据接口.pdf | chunks=3
[94/584] ✓ [imported] GB/T 41784-2022 | 信息技术 实时定位 视觉定位系统数据接口.pdf | chunks=5
[95/584] ✗ 信息技术 工业大数据 术语.pdf: 未能从文本中提取到任何标准信息，请确保文档包含标准编号
[96/584] ✓ [imported] GB/T37726-2019 | 信息技术 数据中心精益六西格玛应用评价准则.pdf | chunks=4
[97/584] ✓ [imported] GB/T36343-2018 | 信息技术 数据交易服务平台 交易数据描述.pdf | chunks=4
[98/584] ✓ [imported] GB/T37728-2019 | 信息技术 数据交易服务平台 通用功能要求.pdf | chunks=4
[99/584] ✓ [imported] GB/T34945-2017 | 信息技术 数据溯源描述模型.pdf | chunks=3
[100/584] ✓ [imported] GB/T36344-2018 | 信息技术 数据质量评价指标.pdf | chunks=2
[101/584] ✓ [imported] GB/T30883-2014 | 信息技术 数据集成中间件.pdf | chunks=25
[102/584] ✗ 信息技术 生物特征样本质量 第14部分：DNA数据.pdf: 未能从文本中提取到任何标准信息，请确保文档包含标准编号
[103/584] ✓ [imported] GB/T35294-2017 | 信息技术 科学数据引用.pdf | chunks=2
[104/584] ✓ [imported] GB/T40786.2-2021 | 信息技术 系统间远程通信和信息交换 低压电力线通信 第2部分数据链路层规范.pdf | chunks=4
[105/584] ✓ [imported] GB/T36345-2018 | 信息技术 通用数据导入接口.pdf | chunks=2
[106/584] ✓ [imported] GB/T 44274-2024 | 信息技术 面向中小微企业的商业代理在线服务 数据接口.pdf | chunks=47
[107/584] ✓ [imported] GB/T 33770.2-2019 | 信息技术服务 外包 第2部分：数据保护要求.pdf | chunks=4
[108/584] ✗ 信息技术服务 数据中心业务连续性等级评价准则.pdf: 未能从文本中提取到任何标准信息，请确保文档包含标准编号
[109/584] ✓ [imported] GB/T40685-2021 | 信息技术服务 数据资产 管理要求.pdf | chunks=5
[110/584] ✓ [imported] GB/T34960.5-2018 | 信息技术服务 治理 第5部分：数据治理规范.pdf | chunks=6
[111/584] ✓ [imported] GB/T 19668.6-2019 | 信息技术服务 监理 第6部分应用系统数据中心工程监理规范.pdf | chunks=6
[112/584] ✓ [imported] GB/T28827.4-2019 | 信息技术服务 运行维护 第4部分：数据中心服务要求.pdf | chunks=6
[113/584] ✓ [imported] GB/T26816-2011 | 信息资源核心元数据.pdf | chunks=23
[114/584] ✗ 债券价格指标产品数据采集规范.pdf: 未能从文本中提取到任何标准信息，请确保文档包含标准编号
[115/584] ✓ [imported] GB/T 35070.1-2018 | 停车场电子收费 第1部分：CPU卡数据格式和技术要求.pdf | chunks=4
[116/584] ✓ [imported] GB/T44603-2024 | 健康信息学 心脏骤停调查基本内容与数据规范.pdf | chunks=86
[117/584] ✓ [imported] GB/T44662-2024 | 健康管理 终端设备数据采集与传输协议.pdf | chunks=29
[118/584] ✓ [imported] GB/T44792-2024 | 健康管理 远程医疗平台信息接入与数据交换.pdf | chunks=56
[119/584] ✓ [imported] GB/T24639-2009 | 元数据的XML Schema置标规则.pdf | chunks=1
[120/584] ✓ [imported] GB/T35643-2017 | 光学遥感测绘卫星影像产品元数据.pdf | chunks=4
[121/584] ✓ [imported] GB/T33480-2016 | 党政机关电子公文元数据规范.pdf | chunks=21
[122/584] ✓ [imported] GB/T37600.10-2018 | 全国主要产品分类 产品类别核心元数据 第10部分：传感器.pdf | chunks=3
[123/584] ✓ [imported] GB/T 37600.11-2018 | 全国主要产品分类 产品类别核心元数据 第11部分：磁卡与集成电路卡.pdf | chunks=3
[124/584] ✓ [imported] GB/T 37600.12-2018 | 全国主要产品分类 产品类别核心元数据 第12部分：眼镜.pdf | chunks=3
[125/584] ✓ [imported] GB/T37600.1-2018 | 全国主要产品分类 产品类别核心元数据 第1部分：描述方法.pdf | chunks=3
[126/584] ✓ [imported] GB/T37600.4-2019 | 全国主要产品分类 产品类别核心元数据 第4部分：公共游乐场的游乐设施.pdf | chunks=3
[127/584] ✓ [imported] GB/T37600.5-2019 | 全国主要产品分类 产品类别核心元数据 第5部分：乐器.pdf | chunks=2
[128/584] ✓ [imported] GB/T37600.6-2018 | 全国主要产品分类 产品类别核心元数据 第6部分：钟表.pdf | chunks=3
[129/584] ✓ [imported] GB/T37600.7-2019 | 全国主要产品分类 产品类别核心元数据 第7部分：体育用品.pdf | chunks=3
[130/584] ✓ [imported] GB/T37600.9-2018 | 全国主要产品分类 产品类别核心元数据 第9部分：车载导航终端.pdf | chunks=3
[131/584] ✓ [imported] GB/T 14946.1-2019 | 全国组织、干部、人事管理信息 第1部分：数据元.pdf | chunks=4
[132/584] ✓ [imported] GB/T40849-2021 | 全息位置地图数据内容.pdf | chunks=3
[133/584] ✓ [imported] GB/T 44175.1-2024 | 全球连续监测评估系统（iGMAS）实时服务 第1部分：数据流格式.pdf | chunks=150
[134/584] ✓ [imported] GB/T39397.1-2020 | 全球连续监测评估系统（iGMAS）文件格式 第1部分：观测数据.pdf | chunks=3
[135/584] ✓ [imported] GB/T 39396.1-2020 | 全球连续监测评估系统（iGMAS）质量要求 第1部分：观测数据.pdf | chunks=3
[136/584] ✓ [imported] GB/T35640-2017 | 公交导航数据模型与交换格式.pdf | chunks=4
[137/584] ✓ [imported] GB/T41195-2021 | 公共信用信息基础数据项规范.pdf | chunks=3
[138/584] ✓ [imported] GB/T39445-2020 | 公共信用信息数据元.pdf | chunks=3
[139/584] ✓ [imported] GB/T39449-2020 | 公共信用信息数据字典维护与管理.pdf | chunks=2
[140/584] ✓ [imported] GB/T45123-2024 | 公共安全 生物特征识别应用 算法评测数据库要求.pdf | chunks=35
[141/584] ✓ [imported] GB/T44297-2024 | 公共安全视频图像信息数据项.pdf | chunks=286
[142/584] ✓ [imported] GB/T35634-2017 | 公共服务电子地图瓦片数据规范.pdf | chunks=2
[143/584] ✓ [imported] GB/T45241-2025 | 公务用车管理平台数据规范.pdf | chunks=36
[144/584] ✓ [imported] GB/T37714-2019 | 公安物联网感知设备数据传输安全性评测技术要求.pdf | chunks=2
[145/584] ✗ 公安物联网视频图像元数据分析技术要求.pdf: 未能从文本中提取到任何标准信息，请确保文档包含标准编号
[146/584] ✗ 公安物联网视频图像内容元数据描述规范.pdf: 未能从文本中提取到任何标准信息，请确保文档包含标准编号
[147/584] ✓ [imported] GB/T28788-2012 | 公路地理信息数据采集与质量控制.pdf | chunks=68
[148/584] ✓ [imported] GB/T30994-2014 | 关系数据库管理系统检测规范.pdf | chunks=77
[149/584] ✓ [imported] GB/T28821-2012 | 关系数据管理系统技术要求.pdf | chunks=69
[150/584] ✓ [imported] GB/T 35620.1-2017 | 养老保险精算数据指标体系规范 第1部分：企业职工基本养老保险.pdf | chunks=3
[151/584] ✓ [imported] GB/T356202-2024 | 养老保险精算数据指标体系规范 第2部分：城乡居民基本养老保险.pdf | chunks=55
[152/584] ✓ [imported] GB/T 38548.4-2020 | 内容资源数字化加工 第4部分：元数据.pdf | chunks=2
[153/584] ✓ [imported] GB/T38991-2020 | 军民通用资源 信息数据对接技术标准总体要求.pdf | chunks=4
[154/584] ✓ [imported] GB/T 39316.1-2020 | 军民通用资源 元数据 第1部分：物资类 油品.pdf | chunks=2
[155/584] ✓ [imported] GB/T39316.2-2020 | 军民通用资源 元数据 第2部分：设备类 民用运输船舶.pdf | chunks=2
[156/584] ✓ [imported] GB/T39316.3-2020 | 军民通用资源 元数据 第3部分：器材类 航材.pdf | chunks=3
[157/584] ✓ [imported] GB/T 39316.4-2024 | 军民通用资源 元数据 第4部分： 器材类 卫生器材.pdf | chunks=159
[158/584] ✓ [imported] GB/T39316.5-2020 | 军民通用资源 元数据 第5部分：人员类.pdf | chunks=2
[159/584] ✓ [imported] GB/T39316.6-2020 | 军民通用资源 元数据 第6部分：设施类.pdf | chunks=2
[160/584] ✓ [imported] GB/T39317-2020 | 军民通用资源 数据元映射要求.pdf | chunks=2
[161/584] ✓ [imported] GB/T39315.2-2020 | 军民通用资源 数据模型 第2部分：设备类 民用运输船舶.pdf | chunks=4
[162/584] ✓ [imported] GB/T39315.3-2020 | 军民通用资源 数据模型 第3部分：器材类 航材.pdf | chunks=3
[163/584] ✓ [imported] GB/T 39315.4-2024 | 军民通用资源 数据模型 第4部分：器材类 卫生器材.pdf | chunks=49
[164/584] ✓ [imported] GB/T39315.5-2020 | 军民通用资源 数据模型 第5部分：人员类.pdf | chunks=2
[165/584] ✓ [imported] GB/T39315.6-2020 | 军民通用资源 数据模型 第6部分：设施类.pdf | chunks=2
[166/584] ✓ [imported] GB/T40412-2021 | 军民通用资源 数据载体标识要求.pdf | chunks=3
[167/584] ✓ [imported] GB/T32633-2016 | 分布式关系数据库服务接口规范.pdf | chunks=24
[168/584] ✓ [imported] GB/T43338-2023 | 制造服务 业务数据集成通用要求.pdf | chunks=18
[169/584] ✗ 动物疫病流行病学调查数据代码及数据采集技术.pdf: 未能从文本中提取到任何标准信息，请确保文档包含标准编号
[170/584] ✓ [imported] GB/T 40640.1-2021 | 化学品管理信息化 第1部分：数据交换.pdf | chunks=5
[171/584] ✓ [imported] GB/T 40640.5-2021 | 化学品管理信息化 第5部分：化学品数据中心.pdf | chunks=5
[172/584] ✓ [imported] GB/T440862-2024 | 北斗三号区域短报文通信用户终端信息接口 第2部分：通用数据接口.pdf | chunks=44
[173/584] ✓ [imported] GB/T44485-2024 | 北斗地基增强系统实时定位分级服务内容及数据格式.pdf | chunks=31
[174/584] ✓ [imported] GB/T39783-2021 | 北斗地基增强系统数据处理中心技术要求.pdf | chunks=3
[175/584] ✓ [imported] GB/T36474-2018 | 半导体集成电路 第三代双倍数据速率同步动态随机存储器 （DDR3 SDRAM）测试方法.pdf | chunks=3
[176/584] ✓ [imported] GB/T32453-2015 | 卫星对地观测数据产品分类分级规则.pdf | chunks=78
[177/584] ✓ [imported] GB/T37018-2018 | 卫星导航地基增强系统数据处理中心数据接口规范.pdf | chunks=3
[178/584] ✓ [imported] GB/T44488-2024 | 卫星导航定位基准站网数据处理规范.pdf | chunks=51
[179/584] ✓ [imported] GB/T32575-2016 | 发电工程数据移交.pdf | chunks=209
[180/584] ✓ [imported] GB/T40435-2021 | 变电站数据通信网关机技术规范.pdf | chunks=5
[181/584] ✓ [imported] GB/T37037-2018 | 可穿戴产品数据规范.pdf | chunks=2
[182/584] ✓ [imported] GB/T36745-2018 | 台风涡旋测风数据判别规范.pdf | chunks=2
[183/584] ✓ [imported] GB/T39073-2020 | 品牌评价 核心元数据规范.pdf | chunks=2
[184/584] ✓ [imported] GB/T40567-2021 | 商贸流通单证数据元.pdf | chunks=2
[185/584] ✓ [imported] GB/T31360-2015 | 固定资产核心元数据.pdf | chunks=82
[186/584] ✓ [imported] GB/T 11444.4-1996 | 国内卫星通信地球站发射、接收和地面通信设备技术要求 第四部分 中速数据传输设备.pdf | chunks=3
[187/584] ✗ 国内卫星通信地球站总技术要求 第五部分中速数据数字载波通道.pdf: 未能从文本中提取到任何标准信息，请确保文档包含标准编号
[188/584] ✓ [imported] GB/T39461-2020 | 国际物流信息系统数据接口.pdf | chunks=3
[189/584] ✗ 国际货运代理业务数据元.pdf: 未能从文本中提取到任何标准信息，请确保文档包含标准编号
[190/584] ✓ [imported] GB/T28530-2012 | 国际货运代理系列单证 单证数据项.pdf | chunks=224
[191/584] ✓ [imported] GB/T39459-2020 | 国际贸易业务数据规范 检验检疫电子证书数据交换.pdf | chunks=2
[192/584] ✓ [imported] GB/T39460-2020 | 国际贸易业务数据规范 汇付通知.pdf | chunks=2
[193/584] ✓ [imported] GB/T39454-2020 | 国际贸易业务数据规范 货物跟踪与追溯.pdf | chunks=3
[194/584] ✓ [imported] GB/T39447-2020 | 国际贸易业务数据规范 货运代理.pdf | chunks=4
[195/584] ✓ [imported] GB/T44779-2024 | 国际贸易业务流程规范 购买—运输—支付参考数据模型.pdf | chunks=60
[196/584] ✓ [imported] GB/T41137-2021 | 国际贸易程序便利化和数据简化方法.pdf | chunks=3
[197/584] ✓ [imported] GB/T 12451-2023 | 图书在版编目数据.pdf | chunks=46
[198/584] ✓ [imported] GB/T35427-2017 | 图书版权资产核心元数据.pdf | chunks=4
[199/584] ✓ [imported] GB/T12760-2018 | 圆柱蜗杆、蜗轮图样上应注明的尺寸数据.pdf | chunks=4
[200/584] ✓ [imported] GB/T32739-2016 | 土壤科学数据元数据.pdf | chunks=272
[201/584] ✓ [imported] GB/T35644-2017 | 地下管线数据获取规程.pdf | chunks=4
[202/584] ✓ [imported] GB/T41455-2022 | 地下管线要素数据字典.pdf | chunks=2
[203/584] ✗ 地理信息 影像与格网数据内容模型存储规则.pdf: 未能从文本中提取到任何标准信息，请确保文档包含标准编号
[204/584] ✓ [imported] GB/T41453-2022 | 地理信息 权限数据字典.pdf | chunks=4
[205/584] ✗ 地理信息 矢量数据模型与存储规范.pdf: 未能从文本中提取到任何标准信息，请确保文档包含标准编号
[206/584] ✓ [imported] GB/T41443-2022 | 地理信息应急数据规范.pdf | chunks=5
[207/584] ✓ [imported] GB/T40767-2021 | 地理空间数据交换基本要求.pdf | chunks=3
[208/584] ✓ [imported] GB/T17798-2007 | 地理空间数据交换格式.pdf | chunks=5
[209/584] ✗ 地震勘探数据处理技术规程.pdf: 未能从文本中提取到任何标准信息，请确保文档包含标准编号
[210/584] ✓ [imported] GB/T24888-2010 | 地震现场应急指挥数据共享技术要求.pdf | chunks=2
[211/584] ✗ 城市公共汽电车车载智能终端与调度中心间数据通信协议.pdf: 未能从文本中提取到任何标准信息，请确保文档包含标准编号
[212/584] ✓ [imported] GB/T35174-2017 | 城市公共汽电车车载终端数据总线接口通信规范.pdf | chunks=3
[213/584] ✗ 城市地下空间数据要求.pdf: 未能从文本中提取到任何标准信息，请确保文档包含标准编号
[214/584] ✓ [imported] GB/T44136-2024 | 城市数据治理能力成熟度模型.pdf | chunks=51
[215/584] ✓ [imported] GB/T39465-2020 | 城市智慧卡互联互通 充值数据接口.pdf | chunks=3
[216/584] ✓ [imported] GB/T268754-2011 | 城市消防远程监控系统 第4部分：基本数据项.pdf | chunks=26
[217/584] ✓ [imported] GB/T268758-2015 | 城市消防远程监控系统 第8部分：监控中心对外数据交换协议.pdf | chunks=148
[218/584] ✓ [imported] GB/T45226-2025 | 基于BOM的产品生命周期数据模型.pdf | chunks=32
[219/584] ✗ 基于XML的电子商务业务数据和过程 第1部分：核心构件目录.pdf: 未能从文本中提取到任何标准信息，请确保文档包含标准编号
[220/584] ✓ [imported] H2-2011 | 基于XML的电子商务业务数据和过程 第2部分：业务信息实体目录.pdf | chunks=1097
[221/584] ✗ 基于XML的电子商务业务数据和过程 第6部分：技术评审组织和程序.pdf: 未能从文本中提取到任何标准信息，请确保文档包含标准编号
[222/584] ✗ 基于XML的电子商务业务数据和过程 第7部分：技术评审指南.pdf: 未能从文本中提取到任何标准信息，请确保文档包含标准编号
[223/584] ✓ [imported] GB/T20925-2007 | 基于XML的道路客运结算数据交换.pdf | chunks=1
[224/584] ✓ [imported] GB/T31876-2015 | 基于ebXML的销售数据报告.pdf | chunks=52
[225/584] ✓ [imported] GB/T34079.2-2021 | 基于云计算的电子政务公共平台服务规范 第2部分：应用部署和数据迁移.pdf | chunks=4
[226/584] ✓ [imported] GB/T34079.3-2017 | 基于云计算的电子政务公共平台服务规范 第3部分：数据管理.pdf | chunks=4
[227/584] ✗ 基于户用脉冲计量表的数据采集器.pdf: 未能从文本中提取到任何标准信息，请确保文档包含标准编号
[228/584] ✗ 基于文本数据的金融风险防控 知识图谱构建技术框架指南.pdf: 未能从文本中提取到任何标准信息，请确保文档包含标准编号
[229/584] ✓ [imported] GB/T41462-2022 | 基于文本数据的金融风险防控要求.pdf | chunks=3
[230/584] ✓ [imported] GB/T36248-2018 | 基于模型的航空装备研制 数据交换.pdf | chunks=4
[231/584] ✓ [imported] GB/T36251-2018 | 基于模型的航空装备研制 数据发放与接收.pdf | chunks=4
[232/584] ✓ [imported] GB/T302891-2013 | 基于网络传输的导航电子地图数据更新规范 第1部分：应用于车载终端编译的增量更新模式.pdf | chunks=269
[233/584] ✓ [imported] GB/T41826-2022 | 基于质保数据的消费品可靠性改进指南.pdf | chunks=4
[234/584] ✓ [imported] GB/T40019-2021 | 基础制造工艺通用元数据.pdf | chunks=2
[235/584] ✓ [imported] GB/T33462-2016 | 基础地理信息 110 000地形要素数据规范.pdf | chunks=268
[236/584] ✓ [imported] GB/T33183-2016 | 基础地理信息 150 000地形要素数据规范.pdf | chunks=181
[237/584] ✓ [imported] GB/T33453-2016 | 基础地理信息数据库建设规范.pdf | chunks=51
[238/584] ✓ [imported] GB/T41149-2021 | 基础地理信息数据质量要求与评定.pdf | chunks=4
[239/584] ✓ [imported] GB/T41446-2022 | 基础地理信息本体范例数据规范.pdf | chunks=3
[240/584] ✓ [imported] GB21139-2007 | 基础地理信息标准数据基本规定.pdf | chunks=2
[241/584] ✓ [imported] GB/T 20258.1-2019 | 基础地理信息要素数据字典 第1部分：1500 11000 12000比例尺.pdf | chunks=6
[242/584] ✓ [imported] GB/T20258.2-2019 | 基础地理信息要素数据字典 第2部分：1∶5 000 1∶10 000 比例尺.pdf | chunks=5
[243/584] ✓ [imported] GB/T20258.3-2019 | 基础地理信息要素数据字典 第3部分：125 000 150 000 1100 000 比例尺.pdf | chunks=4
[244/584] ✓ [imported] GB/T20258.4-2019 | 基础地理信息要素数据字典 第4部分：1∶250 000 1∶500 000 1∶1 000 000 比例尺.pdf | chunks=4
[245/584] ✓ [imported] GB/T40016-2021 | 基础零部件通用元数据.pdf | chunks=3
[246/584] ✓ [imported] GB/T37366-2019 | 塔式起重机安全监控系统及数据传输规范.pdf | chunks=3
[247/584] ✓ [imported] GB/T43481-2023 | 增材制造 三维工艺模型数据质量要求.pdf | chunks=11
[248/584] ✓ [imported] GB/T 44909-2024 | 增材制造 云服务平台产品数据保护技术要求.pdf | chunks=22
[249/584] ✓ [imported] GB/T34952-2017 | 多媒体数据语义描述要求.pdf | chunks=3
[250/584] ✓ [imported] GB/T34325-2017 | 太阳能资源数据准确性评判方法.pdf | chunks=3
[251/584] ✓ [imported] GB/T29746-2013 | 实时交通信息服务数据结构.pdf | chunks=35
[252/584] ✓ [imported] GB/T34949-2017 | 实时数据库C语言接口规范.pdf | chunks=5
[253/584] ✓ [imported] GB/T35628-2017 | 实景地图数据产品.pdf | chunks=2
[254/584] ✓ [imported] GB/T41454-2022 | 实景影像数据产品质量检查与验收.pdf | chunks=4
[255/584] ✗ 实验室科研数据不确定性评估指南.pdf: 未能从文本中提取到任何标准信息，请确保文档包含标准编号
[256/584] ✓ [imported] GB/T41445-2022 | 室内地图数据模型与表达.pdf | chunks=3
[257/584] ✓ [imported] GB/T302466-2013 | 家庭网络 第6部分：多媒体与数据网络通信协议.pdf | chunks=238
[258/584] ✓ [imported] GB/T28442-2012 | 导航电子地图数据分类与编码.pdf | chunks=18
[259/584] ✓ [imported] GB/T35645-2017 | 导航电子地图框架数据交换格式.pdf | chunks=5
[260/584] ✓ [imported] GB/T312303-2014 | 工业以太网现场总线EtherCAT 第3部分：数据链路层服务定义.pdf | chunks=101
[261/584] ✓ [imported] GB/T312304-2014 | 工业以太网现场总线EtherCAT 第4部分：数据链路层协议规范.pdf | chunks=369
[262/584] ✓ [imported] GB/T29872-2013 | 工业企业能源计量数据集中采集终端通用技术条件.pdf | chunks=13
[263/584] ✓ [imported] GB/T39400-2020 | 工业数据质量 通用技术规范.pdf | chunks=3
[264/584] ✓ [imported] GB/T39401-2020 | 工业机器人云服务平台数据交换.pdf | chunks=3
[265/584] ✓ [imported] GB/T18473-2016 | 工业机械电气设备 控制与驱动装置间实时串行通信数据链路.pdf | chunks=121
[266/584] ✓ [imported] GB/T38619-2020 | 工业物联网 数据采集结构化描述规范.pdf | chunks=3
[267/584] ✓ [imported] GB/T44049-2024 | 工程机械 运行能耗基础数据测试与计算方法.pdf | chunks=43
[268/584] ✓ [imported] GB/T43389-2023 | 市场、民意和社会调查 数据分析方法.pdf | chunks=17
[269/584] ✓ [imported] GB/T38863-2020 | 干部网络培训 平台数据接口技术要求.pdf | chunks=3
[270/584] ✓ [imported] GB/T38858-2020 | 干部网络培训 平台数据要求.pdf | chunks=3
[271/584] ✓ [imported] GB/T13725-2019 | 建立术语数据库的一般原则与方法.pdf | chunks=5
[272/584] ✓ [imported] GB/T38840-2020 | 建筑及居住区数字化技术应用 基础数据元.pdf | chunks=5
[273/584] ✗ 志愿服务基础数据元.pdf: 未能从文本中提取到任何标准信息，请确保文档包含标准编号
[274/584] ✓ [imported] GB/T314555-2015 | 快速公交（BRT）智能系统 第5部分：调度中心与车载信息终端通信数据接口规范.pdf | chunks=94
[275/584] ✓ [imported] GB/T314556-2015 | 快速公交（BRT）智能系统 第6部分：调度中心与场站站台控制系统通信数据接口规范.pdf | chunks=55
[276/584] ✓ [imported] GB/T314557-2015 | 快速公交（BRT）智能系统 第7部分：公交优先设备与交通信号控制机通信数据接口规范.pdf | chunks=20
[277/584] ✓ [imported] GB/T 34067.2-2019 | 户内智能用电显示终端 第2部分：数据交换.pdf | chunks=4
[278/584] ✓ [imported] GB/T35630-2017 | 手机地图数据规范.pdf | chunks=3
[279/584] ✓ [imported] GB/T 24734.11-2009 | 技术产品文件 数字化产品定义数据通则 第11部分：模型几何细节层级.pdf | chunks=3
[280/584] ✓ [imported] GB/T24734.6-2009 | 技术产品文件 数字化产品定义数据通则 第6部分：几何建模特征规范.pdf | chunks=1
[281/584] ✓ [imported] GB/T21062.3-2007 | 政务信息资源交换体系 第3部分：数据接口规范.pdf | chunks=1
[282/584] ✓ [imported] GB/T21063.3-2007 | 政务信息资源目录体系 第3部分：核心元数据.pdf | chunks=1
[283/584] ✓ [imported] GB/T32617-2016 | 政务服务中心信息公开数据规范.pdf | chunks=14
[284/584] ✓ [imported] GB/T 44192-2024 | 政务服务便民热线数据应用指南.pdf | chunks=14
[285/584] ✓ [imported] GB/T39046-2020 | 政务服务平台基础数据规范.pdf | chunks=3
[286/584] ✗ 政府网站网页电子文件元数据.pdf: 未能从文本中提取到任何标准信息，请确保文档包含标准编号
[287/584] ✓ [imported] GB/T41469-2022 | 数字教材 中小学数字教材元数据.pdf | chunks=2
[288/584] ✓ [imported] GB/T28430-2012 | 数字电视系统数据广播技术规范.pdf | chunks=288
[289/584] ✓ [imported] GB/T31777-2015 | 数字音乐元数据.pdf | chunks=23
[290/584] ✓ [imported] GB/T 32910.1-2017 | 数据中心 资源利用 第1部分：术语.pdf | chunks=3
[291/584] ✓ [imported] GB/T32910.2-2017 | 数据中心 资源利用 第2部分：关键性能指标设置要求.pdf | chunks=4
[292/584] ✓ [imported] GB/T329103-2016 | 数据中心 资源利用 第3部分：电能能效要求和测量方法.pdf | chunks=33
[293/584] ✓ [imported] GB/T32910.4-2021 | 数据中心 资源利用 第4部分：可再生能源利用率.pdf | chunks=6
[294/584] ✓ [imported] GB/T 19413-2024 | 数据中心和通信机房用空气调节机组.pdf | chunks=109
[295/584] ✓ [imported] GB40879-2021 | 数据中心能效限定值及能效等级.pdf | chunks=4
[296/584] ✓ [imported] GB/T44588-2024 | 数据安全技术 互联网平台及产品服务个人信息处理规则.pdf | chunks=33
[297/584] ✗ 数据安全技术 大数据服务安全能力要求.pdf: 未能从文本中提取到任何标准信息，请确保文档包含标准编号
[298/584] ✓ [imported] GB/T309741-2014 | 数据库中纤维增强复合材料标识和收录指南 第1部分：力学试验数据收录指南.pdf | chunks=64
[299/584] ✓ [imported] GB/T309742-2014 | 数据库中纤维增强复合材料标识和收录指南 第2部分：标识指南.pdf | chunks=34
[300/584] ✓ [imported] GB/T8055-2009 | 数据的统计处理和解释 Г分布（皮尔逊Ⅲ型分布）的参数估计.pdf | chunks=5
[301/584] ✓ [imported] GB/T6380-2019 | 数据的统计处理和解释 Ⅰ型极值分布样本离群值的判断和处理.pdf | chunks=4
[302/584] ✓ [imported] GB/T4088-2008 | 数据的统计处理和解释 二项分布参数的估计与检验.pdf | chunks=5
[303/584] ✓ [imported] GB/T4087-2009 | 数据的统计处理和解释 二项分布可靠度单侧置信下限.pdf | chunks=5
[304/584] ✓ [imported] GB/T8056-2008 | 数据的统计处理和解释 指数分布样本离群值的判断和处理.pdf | chunks=4
[305/584] ✗ 数据的统计处理和解释 正态分布均值和方差检验的功效.pdf: 未能从文本中提取到任何标准信息，请确保文档包含标准编号
[306/584] ✓ [imported] GB/T4883-2008 | 数据的统计处理和解释 正态样本离群值的判断和处理.pdf | chunks=4
[307/584] ✓ [imported] GB/T4089-2008 | 数据的统计处理和解释 泊松分布参数的估计和检验.pdf | chunks=4
[308/584] ✓ [imported] GB/T10092-2009 | 数据的统计处理和解释 测试结果的多重比较.pdf | chunks=5
[309/584] ✗ 数据管理能力成熟度评估方法.pdf: 未能从文本中提取到任何标准信息，请确保文档包含标准编号
[310/584] ✓ [imported] GB/T36073-2018 | 数据管理能力成熟度评估模型.pdf | chunks=4
[311/584] ✗ 数据论文出版元数据.pdf: 未能从文本中提取到任何标准信息，请确保文档包含标准编号
[312/584] ✓ [imported] GB/T22690-2008 | 数据通信设备通用机械结构 机柜和插箱.pdf | chunks=4
[313/584] ✓ [imported] GB/T38888-2020 | 数据采集软件的性能及校准方法.pdf | chunks=4
[314/584] ✓ [imported] GB/T39790-2021 | 数控回转头压力机数据处理软件及接口要求.pdf | chunks=4
[315/584] ✓ [imported] GB/T32656-2016 | 日历及日程数据格式.pdf | chunks=53
[316/584] ✓ [imported] GB/T41449-2022 | 时序卫星影像数据质量检查与评价.pdf | chunks=3
[317/584] ✗ 时空大数据技术规范.pdf: 未能从文本中提取到任何标准信息，请确保文档包含标准编号
[318/584] ✓ [imported] GB/T439412-2024 | 星地数据传输中高速调制解调器技术要求和测试方法 第2部分解调器.pdf | chunks=52
[319/584] ✓ [imported] GB/T 29077-2024 | 星箭界面飞行环境遥测数据处理要求.pdf | chunks=21
[320/584] ✓ [imported] GB/T 36625.1-2018 | 智慧城市 数据融合 第1部分：概念模型.pdf | chunks=2
[321/584] ✓ [imported] GB/T36625.2-2018 | 智慧城市 数据融合 第2部分：数据编码规范.pdf | chunks=3
[322/584] ✓ [imported] GB/T36625.3-2021 | 智慧城市 数据融合 第3部分：数据采集规范.pdf | chunks=3
[323/584] ✓ [imported] GB/T 36625.4-2021 | 智慧城市 数据融合 第4部分：开放共享要求.pdf | chunks=5
[324/584] ✓ [imported] GB/T36625.5-2019 | 智慧城市 数据融合 第5部分：市政基础设施数据元素.pdf | chunks=5
[325/584] ✗ 智慧城市 突发公共卫生事件数据有效利用评估指南.pdf: 未能从文本中提取到任何标准信息，请确保文档包含标准编号
[326/584] ✗ 智慧城市基础设施 突发公共卫生事件居住社区基础设施数据获取和报送规范.pdf: 未能从文本中提取到任何标准信息，请确保文档包含标准编号
[327/584] ✓ [imported] GB/T37373-2019 | 智能交通 数据安全服务.pdf | chunks=2
[328/584] ✓ [imported] GB/T38845-2020 | 智能仪器仪表的数据描述 定位器.pdf | chunks=3
[329/584] ✓ [imported] GB/T40216-2021 | 智能仪器仪表的数据描述 属性数据库通用要求.pdf | chunks=4
[330/584] ✓ [imported] GB/T38843-2020 | 智能仪器仪表的数据描述 执行机构.pdf | chunks=3
[331/584] ✗ 智能制造 多模态数据融合技术要求.pdf: 未能从文本中提取到任何标准信息，请确保文档包含标准编号
[332/584] ✓ [imported] GB/T38670-2020 | 智能制造 射频识别系统 标签数据格式.pdf | chunks=3
[333/584] ✓ [imported] GB/T40693-2021 | 智能制造 工业云服务 数据管理通用要求.pdf | chunks=4
[334/584] ✗ 智能制造 工业大数据时间序列数据采集与存储管理.pdf: 未能从文本中提取到任何标准信息，请确保文档包含标准编号
[335/584] ✗ 智能制造 工业大数据系统功能要求.pdf: 未能从文本中提取到任何标准信息，请确保文档包含标准编号
[336/584] ✗ 智能制造 工业数据 云端适配规范.pdf: 未能从文本中提取到任何标准信息，请确保文档包含标准编号
[337/584] ✗ 智能制造 工业数据 分类原则.pdf: 未能从文本中提取到任何标准信息，请确保文档包含标准编号
[338/584] ✗ 智能制造 工业数据 采集规范.pdf: 未能从文本中提取到任何标准信息，请确保文档包含标准编号
[339/584] ✓ [imported] GB/T42029-2022 | 智能制造 工业数据空间参考模型.pdf | chunks=3
[340/584] ✗ 智能制造 网络协同设计 第2部分：软件接口和数据交互.pdf: 未能从文本中提取到任何标准信息，请确保文档包含标准编号
[341/584] ✗ 智能化饲料加工厂 数据采集技术规范.pdf: 未能从文本中提取到任何标准信息，请确保文档包含标准编号
[342/584] ✓ [imported] GB/T 39555-2020 | 智能实验室 仪器设备 气候、环境试验设备的数据接口.pdf | chunks=5
[343/584] ✓ [imported] GB/T38854-2020 | 智能工厂 生产过程控制数据传输协议.pdf | chunks=3
[344/584] ✓ [imported] GB/Z32500-2016 | 智能电网用户端系统数据接口一般要求.pdf | chunks=172
[345/584] ✓ [imported] GB44497-2024 | 智能网联汽车 自动驾驶数据记录系统.pdf | chunks=93
[346/584] ✗ 智能运输系统 智能驾驶电子道路图数据模型与表达 第1部分：封闭道路.pdf: 未能从文本中提取到任何标准信息，请确保文档包含标准编号
[347/584] ✓ [imported] X 0-2015 | 智能运输系统 智能驾驶电子道路图数据模型与表达 第2部分：开放道路.pdf | chunks=129
[348/584] ✓ [imported] GB/T44381-2024 | 月球与行星探测数据质量检验要求.pdf | chunks=69
[349/584] ✓ [imported] GB/T33997-2017 | 月球与行星数据产品格式规范.pdf | chunks=2
[350/584] ✓ [imported] GB/T33998-2017 | 月球信息元数据.pdf | chunks=4
[351/584] ✓ [imported] GB/T33991-2017 | 月球信息要素数据字典.pdf | chunks=2
[352/584] ✓ [imported] GB/T33996-2017 | 月球探测数据产品分级与命名.pdf | chunks=3
[353/584] ✓ [imported] GB/T34055-2017 | 月球数字高程模型数据制作规范.pdf | chunks=2
[354/584] ✓ [imported] GB/T45254-2025 | 期货市场客户开户数据接口.pdf | chunks=131
[355/584] ✓ [imported] GB/T153872-2014 | 术语数据库开发指南.pdf | chunks=33
[356/584] ✓ [imported] GB/T153871-2014 | 术语数据库开发文件编制指南.pdf | chunks=30
[357/584] ✓ [imported] GB/T15625-2014 | 术语数据库技术评价指南.pdf | chunks=23
[358/584] ✗ 机关事务信息化基础数据规范.pdf: 未能从文本中提取到任何标准信息，请确保文档包含标准编号
[359/584] ✓ [imported] GB/T290013-2012 | 机床数控系统 NCUC-Bus现场总线协议规范 第3部分：数据链路层.pdf | chunks=47
[360/584] ✓ [imported] GB/T34981.2-2017 | 机构编制统计及实名制管理系统数据规范 第2部分：代码集.pdf | chunks=2
[361/584] ✓ [imported] GB/T264991-2011 | 机械 科学数据 第1部分：分级分类方法.pdf | chunks=28
[362/584] ✓ [imported] GB/T264992-2011 | 机械 科学数据 第2部分：数据元目录.pdf | chunks=166
[363/584] ✓ [imported] GB/T264993-2011 | 机械 科学数据 第3部分：元数据.pdf | chunks=202
[364/584] ✓ [imported] GB/T264994-2011 | 机械 科学数据 第4部分：交换格式.pdf | chunks=38
[365/584] ✓ [imported] GB/T39591-2020 | 机械产品几何检测质量信息模型通用数据字典.pdf | chunks=3
[366/584] ✗ 机械产品数字化定义的数据内容及其组织.pdf: 未能从文本中提取到任何标准信息，请确保文档包含标准编号
[367/584] ✓ [imported] GB/T40799-2021 | 机械加工过程 能效基础数据检测方法.pdf | chunks=2
[368/584] ✓ [imported] GB/T36100-2018 | 机载激光雷达点云数据质量评价指标及计算方法.pdf | chunks=3
[369/584] ✓ [imported] GB/T33776.602-2017 | 林业物联网 第602部分：传感器数据接口规范.pdf | chunks=5
[370/584] ✓ [imported] GB/T22373-2021 | 标准文献元数据.pdf | chunks=4
[371/584] ✓ [imported] GB/T39872-2021 | 标准文献技术指标揭示数据规范.pdf | chunks=5
[372/584] ✓ [imported] GB/T34798-2017 | 核酸数据库序列格式规范.pdf | chunks=3
[373/584] ✓ [imported] GB/T41783-2022 | 模块化数据中心通用规范.pdf | chunks=6
[374/584] ✓ [imported] GB/T 39483.2-2020 | 橡胶塑料注射成型机 接口 第2部分：数据交换接口.pdf | chunks=4
[375/584] ✓ [imported] GB/T43370-2023 | 民用无人机地理围栏数据技术规范.pdf | chunks=32
[376/584] ✓ [imported] GB/T38928-2020 | 民用飞机复合材料设计模型制造数据定义.pdf | chunks=3
[377/584] ✗ 民用飞机维修技术数据规范.pdf: 未能从文本中提取到任何标准信息，请确保文档包含标准编号
[378/584] ✗ 民用飞机飞行运行技术数据规范.pdf: 未能从文本中提取到任何标准信息，请确保文档包含标准编号
[379/584] ✓ [imported] GB/T45423-2025 | 气象数据元 总则.pdf | chunks=40
[380/584] ✗ 气象数据服务接口规范.pdf: 未能从文本中提取到任何标准信息，请确保文档包含标准编号
[381/584] ✓ [imported] GB/T43622-2023 | 气象观测资料汇交元数据.pdf | chunks=59
[382/584] ✓ [imported] GB/T 34666.1-2017 | 水质基准数据整编技术规范 第1部分：污染物含量.pdf | chunks=3
[383/584] ✓ [imported] GB/T34666.2-2017 | 水质基准数据整编技术规范 第2部分：水生生物毒性.pdf | chunks=3
[384/584] ✓ [imported] GB/T44464-2024 | 汽车数据通用要求.pdf | chunks=60
[385/584] ✓ [imported] GB/T36104-2018 | 法人和其他组织统一社会信用代码基础数据元.pdf | chunks=2
[386/584] ✓ [imported] GB/T36107-2018 | 法人和其他组织统一社会信用代码数据交换接口.pdf | chunks=2
[387/584] ✓ [imported] GB/T40840-2021 | 法人和其他组织统一社会信用代码数据库建设和管理要求.pdf | chunks=3
[388/584] ✓ [imported] GB/T 44891-2024 | 法人和其他组织统一社会信用代码数据服务平台建设规范.pdf | chunks=40
[389/584] ✓ [imported] GB/T36106-2018 | 法人和其他组织统一社会信用代码数据管理规范.pdf | chunks=2
[390/584] ✓ [imported] GB/T 41615-2022 | 法庭科学 DNA数据库中生物检材和被采样人信息项及其数据结构.pdf | chunks=4
[391/584] ✓ [imported] GB/T21679-2023 | 法庭科学 DNA数据库建设规范.pdf | chunks=27
[392/584] ✓ [imported] GB/T41009-2021 | 法庭科学 DNA数据库选用的基因座及其数据结构.pdf | chunks=4
[393/584] ✗ 法庭科学 电子数据恢复检验规程.pdf: 未能从文本中提取到任何标准信息，请确保文档包含标准编号
[394/584] ✗ 法庭科学 电子数据搜索检验规程.pdf: 未能从文本中提取到任何标准信息，请确保文档包含标准编号
[395/584] ✗ 法庭科学 电子数据文件一致性检验规程.pdf: 未能从文本中提取到任何标准信息，请确保文档包含标准编号
[396/584] ✓ [imported] GB/T35632-2017 | 测绘地理信息数据数字版权标识.pdf | chunks=4
[397/584] ✗ 海洋数据应用记录格式.pdf: 未能从文本中提取到任何标准信息，请确保文档包含标准编号
[398/584] ✓ [imported] GB17378.2-2007 | 海洋监测规范 第2部分 数据处理与分析质量控制.pdf | chunks=4
[399/584] ✓ [imported] GB/T41429-2022 | 消费品安全大数据系统结构规范.pdf | chunks=2
[400/584] ✓ [imported] GB/T39106-2020 | 消费品追溯 追溯系统数据交换应用规范.pdf | chunks=3
[401/584] ✓ [imported] GB/T39105-2020 | 消费品追溯 追溯系统数据元目录.pdf | chunks=2
[402/584] ✓ [imported] GB/T315932-2015 | 消防安全工程 第2部分：所需数据类型与信息.pdf | chunks=24
[403/584] ✓ [imported] GB/T38241-2019 | 深空探测器与地面数据接收系统对接试验规范.pdf | chunks=4
[404/584] ✗ 港口海铁联运电子数据交换技术要求.pdf: 未能从文本中提取到任何标准信息，请确保文档包含标准编号
[405/584] ✓ [imported] GB/T38567-2020 | 港口物流作业数据交换通用技术规范.pdf | chunks=2
[406/584] ✓ [imported] GB/T 44395-2024 | 激光雷达测风数据可靠性评价技术规范.pdf | chunks=28
[407/584] ✗ 爆炸危险化学品汽车运输安全监控系统 第5部分：车载装置与通信中心间数据接口.pdf: 未能从文本中提取到任何标准信息，请确保文档包含标准编号
[408/584] ✗ 爆炸危险化学品汽车运输安全监控系统 第6部分：通信中心与监控客户端间数据接口.pdf: 未能从文本中提取到任何标准信息，请确保文档包含标准编号
[409/584] ✓ [imported] GB/T39852-2021 | 物品电子编码 标签数据转换.pdf | chunks=4
[410/584] ✓ [imported] GB/T40208-2021 | 物流信息资源核心元数据.pdf | chunks=3
[411/584] ✓ [imported] GB/T36478.3-2019 | 物联网 信息交换和共享 第3部分：元数据.pdf | chunks=3
[412/584] ✓ [imported] GB/T 36478.4-2019 | 物联网 信息交换和共享 第4部分：数据接口.pdf | chunks=2
[413/584] ✓ [imported] GB/T 38637.2-2020 | 物联网 感知控制设备接入 第2部分：数据管理要求.pdf | chunks=4
[414/584] ✓ [imported] GB/T 44811-2024 | 物联网 数据质量评价方法.pdf | chunks=20
[415/584] ✓ [imported] GB/T43440-2023 | 物联网 智慧农业数据传输技术应用指南.pdf | chunks=19
[416/584] ✓ [imported] GB/T40688-2021 | 物联网 生命体征感知设备数据接口.pdf | chunks=4
[417/584] ✓ [imported] GB/T 44252.1-2024 | 物联网 运动健康监测设备 第1部分：数据分类和描述.pdf | chunks=26
[418/584] ✓ [imported] GB/T35143-2017 | 物联网智能家居 数据和设备编码.pdf | chunks=2
[419/584] ✓ [imported] GB/T38606-2020 | 物联网标识体系 数据内容标识符.pdf | chunks=2
[420/584] ✓ [imported] GB/T 36373.1-2018 | 特种设备信息资源管理 数据元规范 第1部分：气瓶.pdf | chunks=4
[421/584] ✓ [imported] GB/T38656-2020 | 特种设备物联网系统数据交换技术规范.pdf | chunks=2
[422/584] ✓ [imported] GB/T38700-2020 | 特种设备追溯系统数据元.pdf | chunks=4
[423/584] ✓ [imported] GB/T28748-2012 | 珠宝玉石饰品产品元数据.pdf | chunks=89
[424/584] ✓ [imported] GB/T 44406-2024 | 生产过程质量数据采集系统 性能评估与校准.pdf | chunks=32
[425/584] ✗ 生态科学数据元数据.pdf: 未能从文本中提取到任何标准信息，请确保文档包含标准编号
[426/584] ✓ [imported] GB/T33919-2017 | 生物数字标本数据交换规范.pdf | chunks=2
[427/584] ✓ [imported] GB/T38853-2020 | 用于数据采集和分析的监测和测量系统的性能要求.pdf | chunks=4
[428/584] ✓ [imported] GB/T35031.302-2022 | 用户端能源管理系统 第3-2部分：子系统接口网关数据配置.pdf | chunks=4
[429/584] ✓ [imported] GB/T 44231-2024 | 用户面定位业务平台与卫星导航定位基准站网数据接口技术要求及测试方法.pdf | chunks=24
[430/584] ✓ [imported] GB/T14733.5-1993 | 电信术语 使用离散信号的电信方式、电报、传真和数据通信.pdf | chunks=4
[431/584] ✓ [imported] GB/T40610-2021 | 电力系统在线潮流数据二进制描述及交换规范.pdf | chunks=3
[432/584] ✗ 电力系统实时动态监测系统 第2部分：数据传输协议.pdf: 未能从文本中提取到任何标准信息，请确保文档包含标准编号
[433/584] ✓ [imported] GB/T329603-2016 | 电动汽车远程服务与管理系统技术规范 第3部分：通信协议及数据格式.pdf | chunks=76
[434/584] ✗ 电子发票业务数据规范 第1部分：基本要素.pdf: 未能从文本中提取到任何标准信息，请确保文档包含标准编号
[435/584] ✗ 电子发票业务数据规范 第2部分：特定要素.pdf: 未能从文本中提取到任何标准信息，请确保文档包含标准编号
[436/584] ✓ [imported] GB/T24662-2009 | 电子商务 产品核心元数据.pdf | chunks=3
[437/584] ✓ [imported] GB/T24663-2009 | 电子商务 企业核心元数据.pdf | chunks=3
[438/584] ✓ [imported] GB/T26840-2011 | 电子商务 药品核心元数据.pdf | chunks=115
[439/584] ✓ [imported] GB/T26841-2025 | 电子商务交易中的企业信用档案数据项.pdf | chunks=16
[440/584] ✓ [imported] GB/T39322-2020 | 电子商务交易平台追溯数据接口技术要求.pdf | chunks=2
[441/584] ✓ [imported] GB/T36318-2018 | 电子商务平台数据开放 总体要求.pdf | chunks=2
[442/584] ✓ [imported] GB/T36316-2018 | 电子商务平台数据开放 第三方软件提供商评价准则.pdf | chunks=3
[443/584] ✓ [imported] GB/T40094.1-2021 | 电子商务数据交易 第1部分：准则.pdf | chunks=3
[444/584] ✓ [imported] GB/T40094.2-2021 | 电子商务数据交易 第2部分：数据描述规范.pdf | chunks=3
[445/584] ✓ [imported] GB/T40094.3-2021 | 电子商务数据交易 第3部分：数据接口规范.pdf | chunks=3
[446/584] ✓ [imported] GB/T40094.4-2021 | 电子商务数据交易 第4部分：隐私保护规范.pdf | chunks=3
[447/584] ✓ [imported] GB/T37550-2019 | 电子商务数据资产评价指标体系.pdf | chunks=2
[448/584] ✓ [imported] GB/T31442-2015 | 电子收费 CPU卡数据格式和技术要求.pdf | chunks=41
[449/584] ✓ [imported] GB/T28420-2012 | 电子收费 OBE-SAM数据格式和技术要求.pdf | chunks=51
[450/584] ✓ [imported] GB/T20851.2-2019 | 电子收费 专用短程通信 第2部分数据链路层.pdf | chunks=4
[451/584] ✗ 电子政务数据元 第1部分设计和管理规范.pdf: 未能从文本中提取到任何标准信息，请确保文档包含标准编号
[452/584] ✓ [imported] GB/T19488.2-2008 | 电子政务数据元 第2部分：公共数据元目录.pdf | chunks=3
[453/584] ✗ 电子数据交换报文实施指南.pdf: 未能从文本中提取到任何标准信息，请确保文档包含标准编号
[454/584] ✓ [imported] GB/T44785-2024 | 电子营业执照数据规范.pdf | chunks=51
[455/584] ✓ [imported] GB/T36903-2018 | 电子证照 元数据规范.pdf | chunks=3
[456/584] ✗ 电工电子产品环境参数测量方法 振动数据处理和归纳.pdf: 未能从文本中提取到任何标准信息，请确保文档包含标准编号
[457/584] ✓ [imported] GB/T40608-2021 | 电网设备模型参数和运行方式数据技术要求.pdf | chunks=3
[458/584] ✓ [imported] GB/T35682-2017 | 电网运行与控制数据规范.pdf | chunks=3
[459/584] ✓ [imported] GB/T328803-2016 | 电能质量经济性评估 第3部分：数据收集方法.pdf | chunks=71
[460/584] ✓ [imported] GB/T31594-2015 | 社会保险核心业务数据质量规范.pdf | chunks=186
[461/584] ✓ [imported] GB/T314904-2015 | 社区信息化 第4部分：数据元素字典.pdf | chunks=81
[462/584] ✓ [imported] GB/T29854-2013 | 社区基础数据元.pdf | chunks=137
[463/584] ✓ [imported] GB/T268311-2011 | 社区能源计量抄收系统规范 第1部分：数据交换.pdf | chunks=166
[464/584] ✗ 科学数据安全分类分级指南.pdf: 未能从文本中提取到任何标准信息，请确保文档包含标准编号
[465/584] ✓ [imported] GB/T43710-2025 | 科学数据安全审计要求.pdf | chunks=53
[466/584] ✗ 科学数据安全要求通则.pdf: 未能从文本中提取到任何标准信息，请确保文档包含标准编号
[467/584] ✗ 科学数据权益保护基本要求.pdf: 未能从文本中提取到任何标准信息，请确保文档包含标准编号
[468/584] ✗ 科学数据溯源元数据.pdf: 未能从文本中提取到任何标准信息，请确保文档包含标准编号
[469/584] ✓ [imported] GB/T35397-2017 | 科技人才元数据元素集.pdf | chunks=2
[470/584] ✓ [imported] GB/T32846-2016 | 科技平台 元数据汇交报文格式的设计规则.pdf | chunks=50
[471/584] ✓ [imported] GB/T31074-2014 | 科技平台 数据元设计与管理.pdf | chunks=39
[472/584] ✓ [imported] GB/T31073-2014 | 科技平台 服务核心元数据.pdf | chunks=24
[473/584] ✓ [imported] GB/T39913-2021 | 科技平台 用户元数据.pdf | chunks=4
[474/584] ✓ [imported] GB/T30535-2014 | 科技报告元数据规范.pdf | chunks=46
[475/584] ✓ [imported] GB/T31779-2015 | 科技服务产品数据描述规范.pdf | chunks=118
[476/584] ✓ [imported] GB/T39912-2021 | 科技计划形成的科学数据汇交 技术与管理规范.pdf | chunks=6
[477/584] ✓ [imported] GB/T39908-2021 | 科技计划形成的科学数据汇交 通用代码集.pdf | chunks=4
[478/584] ✓ [imported] GB/T39909-2021 | 科技计划形成的科学数据汇交 通用数据元.pdf | chunks=4
[479/584] ✗ 科技资源核心元数据.pdf: 未能从文本中提取到任何标准信息，请确保文档包含标准编号
[480/584] ✓ [imported] GB/T40522-2021 | 移动互联下地理位置数据关联描述.pdf | chunks=3
[481/584] ✗ 移动数据库应用编程接口规范.pdf: 未能从文本中提取到任何标准信息，请确保文档包含标准编号
[482/584] ✓ [imported] GB/T32638-2016 | 移动通信终端电源适配器及充电数据接口技术要求和测试方法.pdf | chunks=83
[483/584] ✓ [imported] GB/T42037-2022 | 空间数据与信息传输系统 参考体系架构.pdf | chunks=3
[484/584] ✗ 空间数据与信息传输系统 星载数据管理监控设计要求.pdf: 未能从文本中提取到任何标准信息，请确保文档包含标准编号
[485/584] ✓ [imported] GB/T43372-2023 | 空间数据与信息传输系统 深空光通信物理层.pdf | chunks=20
[486/584] ✓ [imported] GB/T43423-2023 | 空间数据与信息传输系统 深空光通信编码与同步.pdf | chunks=65
[487/584] ✓ [imported] GB/T43373-2023 | 空间数据与信息传输系统 深空测控伪码测距技术要求.pdf | chunks=30
[488/584] ✓ [imported] GB/T42040-2022 | 空间数据与信息传输系统 统一空间数据链路协议.pdf | chunks=6
[489/584] ✓ [imported] GB/T43374-2023 | 空间数据与信息传输系统 航天器信息系统软件体系结构.pdf | chunks=27
[490/584] ✓ [imported] GB/T43424-2023 | 空间数据与信息传输系统 运载火箭航天器图像通信要求.pdf | chunks=30
[491/584] ✓ [imported] GB/T 44316-2024 | 空间物体监测数据规范.pdf | chunks=52
[492/584] ✗ 空间物体轨道数据规范.pdf: 未能从文本中提取到任何标准信息，请确保文档包含标准编号
[493/584] ✓ [imported] GB/T28874-2012 | 空间科学实验数据产品分级规范.pdf | chunks=15
[494/584] ✓ [imported] GB/T38239-2019 | 空间科学数据产品服务规范.pdf | chunks=3
[495/584] ✓ [imported] GB/T34829-2017 | 空间站应用有效载荷数据通信规范.pdf | chunks=2
[496/584] ✓ [imported] GB/Z32009-2015 | 纺织新材料 力学性能数据表.pdf | chunks=15
[497/584] ✓ [imported] GB/Z32012-2015 | 纺织新材料 化学性能数据表.pdf | chunks=15
[498/584] ✓ [imported] GB/Z32013-2015 | 纺织新材料 热学性能数据表.pdf | chunks=16
[499/584] ✗ 组织机构代码信息数据库（基本库）数据格式.pdf: 未能从文本中提取到任何标准信息，请确保文档包含标准编号
[500/584] ✓ [imported] GB/T38359-2019 | 结构用木质材料强度性能数据分析方法.pdf | chunks=5
[501/584] ✓ [imported] GB/T 34052.1-2017 | 统计数据与元数据交换（SDMX） 第1部分：框架.pdf | chunks=3
[502/584] ✓ [imported] GB/Z34052.2-2017 | 统计数据与元数据交换（SDMX） 第2部分：信息模型 统一建模语言（UML）概念设计.pdf | chunks=4
[503/584] ✓ [imported] GB/T40584-2021 | 继电保护整定计算软件及数据技术规范.pdf | chunks=5
[504/584] ✓ [imported] GB/T44989-2024 | 绿色数据中心评价.pdf | chunks=49
[505/584] ✓ [imported] GB/T31500-2024 | 网络安全技术 存储介质数据恢复服务安全规范.pdf | chunks=70
[506/584] ✓ [imported] GB/T35465.2-2017 | 聚合物基复合材料疲劳性能测试方法 第2部分：线性或线性化应力寿命（S-N）和应变寿命（ε-N）疲劳数据的统计分析.pdf | chunks=6
[507/584] ✗ 育龄妇女信息系统（WIS）基础数据结构与分类代码.pdf: 未能从文本中提取到任何标准信息，请确保文档包含标准编号
[508/584] ✓ [imported] GB/T29871-2013 | 能源计量仪表通用数据接口技术协议.pdf | chunks=22
[509/584] ✓ [imported] GB/T29873-2013 | 能源计量数据公共平台数据传输协议.pdf | chunks=52
[510/584] ✓ [imported] GB/T44063-2024 | 自动化系统与集成 离散制造企业数据空间集成模型.pdf | chunks=74
[511/584] ✓ [imported] GB/T41922-2022 | 舞台装备故障数据传输接口和通讯协议规范.pdf | chunks=4
[512/584] ✓ [imported] GB/T42041-2022 | 航天术语 空间数据与信息传输.pdf | chunks=2
[513/584] ✓ [imported] GB/T36301-2018 | 航天高光谱成像数据预处理产品分级.pdf | chunks=3
[514/584] ✓ [imported] GB/T 44397-2024 | 航空产品三维模型数据长周期存储要求.pdf | chunks=46
[515/584] ✓ [imported] GB/T25478-2010 | 色谱数据工作站.pdf | chunks=35
[516/584] ✓ [imported] GB/T24874-2010 | 草地资源空间信息共享数据规范.pdf | chunks=1
[517/584] ✓ [imported] GB/T176991-2024 | 行政、商业和运输业电子数据交换 第1部分：数据元目录.pdf | chunks=164
[518/584] ✓ [imported] GB/T176992-2024 | 行政、商业和运输业电子数据交换 第2部分：复合数据元目录.pdf | chunks=235
[519/584] ✓ [imported] GB/T176993-2024 | 行政、商业和运输业电子数据交换 第3部分：段目录.pdf | chunks=377
[520/584] ✓ [imported] GB/T22121-2008 | 装备制造业通用零部件数据字典元素注册规范.pdf | chunks=2
[521/584] ✓ [imported] GB/T45252-2025 | 证券交易数据交换协议.pdf | chunks=239
[522/584] ✓ [imported] GB/T452491-2025 | 证券期货业与银行间业务数据交换协议 第1部分：三方存管、银期转账和结售汇业务.pdf | chunks=267
[523/584] ✗ 证券期货业数据安全风险防控 数据分类分级指引.pdf: 未能从文本中提取到任何标准信息，请确保文档包含标准编号
[524/584] ✓ [imported] GB/T44885-2024 | 财经信息技术 乡村振兴审计数据接口.pdf | chunks=470
[525/584] ✓ [imported] GB/T321801-2015 | 财经信息技术 企业资源计划软件数据接口 第1部分：公共基础数据.pdf | chunks=234
[526/584] ✓ [imported] GB/T321802-2015 | 财经信息技术 企业资源计划软件数据接口 第2部分：采购.pdf | chunks=198
[527/584] ✓ [imported] GB/T321803-2015 | 财经信息技术 企业资源计划软件数据接口 第3部分：库存.pdf | chunks=98
[528/584] ✓ [imported] GB/T245892-2010 | 财经信息技术 会计核算软件数据接口 第2部分：行政事业单位.pdf | chunks=502
[529/584] ✓ [imported] GB/T245893-2011 | 财经信息技术 会计核算软件数据接口 第3部分：总预算会计.pdf | chunks=552
[530/584] ✓ [imported] GB/T245894-2011 | 财经信息技术 会计核算软件数据接口 第4部分：商业银行.pdf | chunks=1044
[531/584] ✓ [imported] GB/T40217-2021 | 财经信息技术 养老保险基金审计数据接口.pdf | chunks=4
[532/584] ✓ [imported] GB/T35296-2017 | 财经信息技术 建设项目投资管理软件通用数据.pdf | chunks=4
[533/584] ✗ 财经信息技术 财政预算管理软件审计数据接口.pdf: 未能从文本中提取到任何标准信息，请确保文档包含标准编号
[534/584] ✓ [imported] GB/T433401-2023 | 财经新闻信息 第1部分：元数据.pdf | chunks=33
[535/584] ✓ [imported] GB/T41795-2022 | 质量技术基础 信息资源数据规范.pdf | chunks=3
[536/584] ✓ [imported] GB/T37708-2019 | 质量管理 产品成功数据包络分析指南.pdf | chunks=3
[537/584] ✗ 车载导航地理数据采集处理技术规程.pdf: 未能从文本中提取到任何标准信息，请确保文档包含标准编号
[538/584] ✓ [imported] GB/T28441-2012 | 车载导航电子地图数据质量规范.pdf | chunks=54
[539/584] ✓ [imported] GB/T45018-2024 | 轮胎智能制造 数据字典.pdf | chunks=415
[540/584] ✓ [imported] GB/T38436-2019 | 输变电工程数据移交规范.pdf | chunks=3
[541/584] ✓ [imported] GB/T26772-2011 | 运输与仓储业务数据交换应用规范.pdf | chunks=39
[542/584] ✓ [imported] GB/T44368-2024 | 进口冷链食品追溯 追溯系统数据交换应用规范.pdf | chunks=41
[543/584] ✗ 进口冷链食品追溯 追溯系统数据元.pdf: 未能从文本中提取到任何标准信息，请确保文档包含标准编号
[544/584] ✓ [imported] GB/T24467-2009 | 通用机械零部件产品数据字典层次结构的构成规则.pdf | chunks=2
[545/584] ✓ [imported] GB/T26767-2011 | 道路、水路货物运输地理信息基础数据元.pdf | chunks=81
[546/584] ✓ [imported] GB/T26768-2011 | 道路、水路货物运输基础数据元.pdf | chunks=150
[547/584] ✓ [imported] GB/T29110-2012 | 道路交通信息服务 公共汽电车线路信息基础数据元.pdf | chunks=47
[548/584] ✓ [imported] GB/T29101-2012 | 道路交通信息服务 数据服务质量规范.pdf | chunks=48
[549/584] ✓ [imported] GB/T29099-2012 | 道路交通信息服务 浮动车历史数据交换存储格式.pdf | chunks=42
[550/584] ✓ [imported] GB/T29105-2012 | 道路交通信息服务 浮动车数据编码.pdf | chunks=33
[551/584] ✓ [imported] GB/T29102-2012 | 道路交通信息服务 通过调频数据广播发布的道路交通信息.pdf | chunks=30
[552/584] ✓ [imported] GB/T29096-2012 | 道路交通管理数据字典 交通事件数据.pdf | chunks=214
[553/584] ✓ [imported] GB/T29098-2012 | 道路交通管理数据字典 交通信号控制.pdf | chunks=45
[554/584] ✓ [imported] GB/T29095-2012 | 道路交通管理数据字典 交通检测器.pdf | chunks=36
[555/584] ✓ [imported] GB/T29097-2012 | 道路交通管理数据字典 交通网络.pdf | chunks=69
[556/584] ✓ [imported] GB/T28970-2012 | 道路交通运输 地理信息系统 数据字典要求.pdf | chunks=40
[557/584] ✓ [imported] GB/T38028-2019 | 遥感卫星全色数据产品分级.pdf | chunks=4
[558/584] ✓ [imported] GB/T31011-2014 | 遥感卫星原始数据记录与交换格式.pdf | chunks=38
[559/584] ✓ [imported] GB/T38026-2019 | 遥感卫星多光谱数据产品分级.pdf | chunks=4
[560/584] ✓ [imported] GB/T36300-2018 | 遥感卫星快视数据格式规范.pdf | chunks=2
[561/584] ✓ [imported] GB/T38154-2019 | 重要产品追溯 核心元数据.pdf | chunks=3
[562/584] ✓ [imported] GB/T33186-2016 | 陆地国界数据规范.pdf | chunks=144
[563/584] ✓ [imported] GB/T38081-2019 | 陆地观测卫星0级数据格式规范.pdf | chunks=3
[564/584] ✓ [imported] GB/T38198-2019 | 陆地观测卫星光学数据产品格式及要求.pdf | chunks=2
[565/584] ✓ [imported] GB/T34518-2017 | 陆地观测卫星地面系统数据传输与交换接口要求.pdf | chunks=3
[566/584] ✓ [imported] GB/T34514-2017 | 陆地观测卫星遥感数据分发与用户服务要求.pdf | chunks=3
[567/584] ✗ 集装箱在船舶上的信息 第2部分：电传数据代码.pdf: 未能从文本中提取到任何标准信息，请确保文档包含标准编号
[568/584] ✓ [imported] GB/T36448-2018 | 集装箱式数据中心机房通用规范.pdf | chunks=4
[569/584] ✓ [imported] GB/T40705-2021 | 集装箱运输电子数据交换 放箱单报文.pdf | chunks=2
[570/584] ✓ [imported] GB/T40707-2021 | 集装箱运输电子数据交换 船舶预报信息报文.pdf | chunks=2
[571/584] ✓ [imported] GB/T40812-2021 | 集装箱运输电子数据交换 装箱单报文.pdf | chunks=2
[572/584] ✓ [imported] GB/T40811-2021 | 集装箱运输电子数据交换 订舱报文.pdf | chunks=2
[573/584] ✓ [imported] GB/T40706-2021 | 集装箱运输电子数据交换 订舱确认报文.pdf | chunks=2
[574/584] ✓ [imported] GB/T40708-2021 | 集装箱运输电子数据交换 集装箱装卸（船）报告报文.pdf | chunks=2
[575/584] ✓ [imported] GB/T38951-2020 | 静止气象卫星S-VISSR数据接收系统.pdf | chunks=2
[576/584] ✓ [imported] GB/T35003-2018 | 非易失性存储器耐久和数据保持试验方法.pdf | chunks=4
[577/584] ✓ [imported] GB/T34950-2017 | 非结构化数据管理系统参考模型.pdf | chunks=2
[578/584] ✓ [imported] GB/T32630-2016 | 非结构化数据管理系统技术要求.pdf | chunks=18
[579/584] ✓ [imported] GB/T32909-2016 | 非结构化数据表示规范.pdf | chunks=162
[580/584] ✓ [imported] GB/T32908-2016 | 非结构化数据访问接口规范.pdf | chunks=126
[581/584] ✓ [imported] GB/T 44360-2024 | 风能发电系统 智能风力发电场数据采集技术规范.pdf | chunks=79
[582/584] ✓ [imported] GB/T 44206-2024 | 馆藏文物病害数据库建设规范.pdf | chunks=16
[583/584] ✓ [imported] GB/T32631-2016 | 高清晰度电视3Gbps串行数据接口和源图像格式映射.pdf | chunks=44
[584/584] ✓ [imported] GB/T35890-2018 | 高通量测序数据序列格式规范.pdf | chunks=3

完成: 成功 500, 失败 84, 跳过 8, 耗时 113.1 分钟
BM25 chunks: 19294

失败列表:
  - CADCAM数据质量.pdf: 未能从文本中提取到任何标准信息，请确保文档包含标准编号
  - GPS接收机导航定位数据输出格式.pdf: 未能从文本中提取到任何标准信息，请确保文档包含标准编号
  - 人工智能 面向机器学习的数据标注规程.pdf: 未能从文本中提取到任何标准信息，请确保文档包含标准编号
  - 人类生物样本中医信息基本数据集.pdf: 未能从文本中提取到任何标准信息，请确保文档包含标准编号
  - 企业应用产品数据管理（PDM）实施规范.pdf: 未能从文本中提取到任何标准信息，请确保文档包含标准编号
  - 供应链数据传输与交换.pdf: 未能从文本中提取到任何标准信息，请确保文档包含标准编号
  - 供热运营数据统计方法.pdf: 未能从文本中提取到任何标准信息，请确保文档包含标准编号
  - 信息与文献 国家科技重大专项档案元数据元素集.pdf: 未能从文本中提取到任何标准信息，请确保文档包含标准编号
  - 信息与文献 组织机构元数据.pdf: 未能从文本中提取到任何标准信息，请确保文档包含标准编号
  - 信息安全技术 电信领域数据安全指南.pdf: 未能从文本中提取到任何标准信息，请确保文档包含标准编号
  - 信息技术 大数据 数据资源规划.pdf: 未能从文本中提取到任何标准信息，请确保文档包含标准编号
  - 信息技术 大数据 面向分析的数据存储与检索技术要求.pdf: 未能从文本中提取到任何标准信息，请确保文档包含标准编号
  - 信息技术 工业大数据 术语.pdf: 未能从文本中提取到任何标准信息，请确保文档包含标准编号
  - 信息技术 生物特征样本质量 第14部分：DNA数据.pdf: 未能从文本中提取到任何标准信息，请确保文档包含标准编号
  - 信息技术服务 数据中心业务连续性等级评价准则.pdf: 未能从文本中提取到任何标准信息，请确保文档包含标准编号
  - 债券价格指标产品数据采集规范.pdf: 未能从文本中提取到任何标准信息，请确保文档包含标准编号
  - 公安物联网视频图像元数据分析技术要求.pdf: 未能从文本中提取到任何标准信息，请确保文档包含标准编号
  - 公安物联网视频图像内容元数据描述规范.pdf: 未能从文本中提取到任何标准信息，请确保文档包含标准编号
  - 动物疫病流行病学调查数据代码及数据采集技术.pdf: 未能从文本中提取到任何标准信息，请确保文档包含标准编号
  - 国内卫星通信地球站总技术要求 第五部分中速数据数字载波通道.pdf: 未能从文本中提取到任何标准信息，请确保文档包含标准编号
  - 国际货运代理业务数据元.pdf: 未能从文本中提取到任何标准信息，请确保文档包含标准编号
  - 地理信息 影像与格网数据内容模型存储规则.pdf: 未能从文本中提取到任何标准信息，请确保文档包含标准编号
  - 地理信息 矢量数据模型与存储规范.pdf: 未能从文本中提取到任何标准信息，请确保文档包含标准编号
  - 地震勘探数据处理技术规程.pdf: 未能从文本中提取到任何标准信息，请确保文档包含标准编号
  - 城市公共汽电车车载智能终端与调度中心间数据通信协议.pdf: 未能从文本中提取到任何标准信息，请确保文档包含标准编号
  - 城市地下空间数据要求.pdf: 未能从文本中提取到任何标准信息，请确保文档包含标准编号
  - 基于XML的电子商务业务数据和过程 第1部分：核心构件目录.pdf: 未能从文本中提取到任何标准信息，请确保文档包含标准编号
  - 基于XML的电子商务业务数据和过程 第6部分：技术评审组织和程序.pdf: 未能从文本中提取到任何标准信息，请确保文档包含标准编号
  - 基于XML的电子商务业务数据和过程 第7部分：技术评审指南.pdf: 未能从文本中提取到任何标准信息，请确保文档包含标准编号
  - 基于户用脉冲计量表的数据采集器.pdf: 未能从文本中提取到任何标准信息，请确保文档包含标准编号
  - 基于文本数据的金融风险防控 知识图谱构建技术框架指南.pdf: 未能从文本中提取到任何标准信息，请确保文档包含标准编号
  - 实验室科研数据不确定性评估指南.pdf: 未能从文本中提取到任何标准信息，请确保文档包含标准编号
  - 志愿服务基础数据元.pdf: 未能从文本中提取到任何标准信息，请确保文档包含标准编号
  - 政府网站网页电子文件元数据.pdf: 未能从文本中提取到任何标准信息，请确保文档包含标准编号
  - 数据安全技术 大数据服务安全能力要求.pdf: 未能从文本中提取到任何标准信息，请确保文档包含标准编号
  - 数据的统计处理和解释 正态分布均值和方差检验的功效.pdf: 未能从文本中提取到任何标准信息，请确保文档包含标准编号
  - 数据管理能力成熟度评估方法.pdf: 未能从文本中提取到任何标准信息，请确保文档包含标准编号
  - 数据论文出版元数据.pdf: 未能从文本中提取到任何标准信息，请确保文档包含标准编号
  - 时空大数据技术规范.pdf: 未能从文本中提取到任何标准信息，请确保文档包含标准编号
  - 智慧城市 突发公共卫生事件数据有效利用评估指南.pdf: 未能从文本中提取到任何标准信息，请确保文档包含标准编号
  - 智慧城市基础设施 突发公共卫生事件居住社区基础设施数据获取和报送规范.pdf: 未能从文本中提取到任何标准信息，请确保文档包含标准编号
  - 智能制造 多模态数据融合技术要求.pdf: 未能从文本中提取到任何标准信息，请确保文档包含标准编号
  - 智能制造 工业大数据时间序列数据采集与存储管理.pdf: 未能从文本中提取到任何标准信息，请确保文档包含标准编号
  - 智能制造 工业大数据系统功能要求.pdf: 未能从文本中提取到任何标准信息，请确保文档包含标准编号
  - 智能制造 工业数据 云端适配规范.pdf: 未能从文本中提取到任何标准信息，请确保文档包含标准编号
  - 智能制造 工业数据 分类原则.pdf: 未能从文本中提取到任何标准信息，请确保文档包含标准编号
  - 智能制造 工业数据 采集规范.pdf: 未能从文本中提取到任何标准信息，请确保文档包含标准编号
  - 智能制造 网络协同设计 第2部分：软件接口和数据交互.pdf: 未能从文本中提取到任何标准信息，请确保文档包含标准编号
  - 智能化饲料加工厂 数据采集技术规范.pdf: 未能从文本中提取到任何标准信息，请确保文档包含标准编号
  - 智能运输系统 智能驾驶电子道路图数据模型与表达 第1部分：封闭道路.pdf: 未能从文本中提取到任何标准信息，请确保文档包含标准编号
  - 机关事务信息化基础数据规范.pdf: 未能从文本中提取到任何标准信息，请确保文档包含标准编号
  - 机械产品数字化定义的数据内容及其组织.pdf: 未能从文本中提取到任何标准信息，请确保文档包含标准编号
  - 民用飞机维修技术数据规范.pdf: 未能从文本中提取到任何标准信息，请确保文档包含标准编号
  - 民用飞机飞行运行技术数据规范.pdf: 未能从文本中提取到任何标准信息，请确保文档包含标准编号
  - 气象数据服务接口规范.pdf: 未能从文本中提取到任何标准信息，请确保文档包含标准编号
  - 法庭科学 电子数据恢复检验规程.pdf: 未能从文本中提取到任何标准信息，请确保文档包含标准编号
  - 法庭科学 电子数据搜索检验规程.pdf: 未能从文本中提取到任何标准信息，请确保文档包含标准编号
  - 法庭科学 电子数据文件一致性检验规程.pdf: 未能从文本中提取到任何标准信息，请确保文档包含标准编号
  - 海洋数据应用记录格式.pdf: 未能从文本中提取到任何标准信息，请确保文档包含标准编号
  - 港口海铁联运电子数据交换技术要求.pdf: 未能从文本中提取到任何标准信息，请确保文档包含标准编号
  - 爆炸危险化学品汽车运输安全监控系统 第5部分：车载装置与通信中心间数据接口.pdf: 未能从文本中提取到任何标准信息，请确保文档包含标准编号
  - 爆炸危险化学品汽车运输安全监控系统 第6部分：通信中心与监控客户端间数据接口.pdf: 未能从文本中提取到任何标准信息，请确保文档包含标准编号
  - 生态科学数据元数据.pdf: 未能从文本中提取到任何标准信息，请确保文档包含标准编号
  - 电力系统实时动态监测系统 第2部分：数据传输协议.pdf: 未能从文本中提取到任何标准信息，请确保文档包含标准编号
  - 电子发票业务数据规范 第1部分：基本要素.pdf: 未能从文本中提取到任何标准信息，请确保文档包含标准编号
  - 电子发票业务数据规范 第2部分：特定要素.pdf: 未能从文本中提取到任何标准信息，请确保文档包含标准编号
  - 电子政务数据元 第1部分设计和管理规范.pdf: 未能从文本中提取到任何标准信息，请确保文档包含标准编号
  - 电子数据交换报文实施指南.pdf: 未能从文本中提取到任何标准信息，请确保文档包含标准编号
  - 电工电子产品环境参数测量方法 振动数据处理和归纳.pdf: 未能从文本中提取到任何标准信息，请确保文档包含标准编号
  - 科学数据安全分类分级指南.pdf: 未能从文本中提取到任何标准信息，请确保文档包含标准编号
  - 科学数据安全要求通则.pdf: 未能从文本中提取到任何标准信息，请确保文档包含标准编号
  - 科学数据权益保护基本要求.pdf: 未能从文本中提取到任何标准信息，请确保文档包含标准编号
  - 科学数据溯源元数据.pdf: 未能从文本中提取到任何标准信息，请确保文档包含标准编号
  - 科技资源核心元数据.pdf: 未能从文本中提取到任何标准信息，请确保文档包含标准编号
  - 移动数据库应用编程接口规范.pdf: 未能从文本中提取到任何标准信息，请确保文档包含标准编号
  - 空间数据与信息传输系统 星载数据管理监控设计要求.pdf: 未能从文本中提取到任何标准信息，请确保文档包含标准编号
  - 空间物体轨道数据规范.pdf: 未能从文本中提取到任何标准信息，请确保文档包含标准编号
  - 组织机构代码信息数据库（基本库）数据格式.pdf: 未能从文本中提取到任何标准信息，请确保文档包含标准编号
  - 育龄妇女信息系统（WIS）基础数据结构与分类代码.pdf: 未能从文本中提取到任何标准信息，请确保文档包含标准编号
  - 证券期货业数据安全风险防控 数据分类分级指引.pdf: 未能从文本中提取到任何标准信息，请确保文档包含标准编号
  - 财经信息技术 财政预算管理软件审计数据接口.pdf: 未能从文本中提取到任何标准信息，请确保文档包含标准编号
  - 车载导航地理数据采集处理技术规程.pdf: 未能从文本中提取到任何标准信息，请确保文档包含标准编号
  - 进口冷链食品追溯 追溯系统数据元.pdf: 未能从文本中提取到任何标准信息，请确保文档包含标准编号
  - 集装箱在船舶上的信息 第2部分：电传数据代码.pdf: 未能从文本中提取到任何标准信息，请确保文档包含标准编号
